[id.yugih5.com/index.html]
[backblue.gif]
[fade.gif]
[index.html]
[i.imgur.com/wUJpa4q.png]
[id.yugih5.com/res/favicon.png]
[id.yugih5.com/css/style.css]
[id.yugih5.com/js/index.js]
[id.yugih5.com/js/jquery-3.2.1.min.js]
[connect.facebook.net/vi_VN/sdk.js]
[yugih5.vcdn.vn/res/loading_4f44220947027ce46fe7f66f3cff6f59_MD5ED.js]
[yugih5.vcdn.vn/html5/game.min_789e328c79f00c2a7b5771f09409de62.js]
[id.yugih5.com/index.html]
[www.googleadservices.com/pagead/f.txt]
[connect.facebook.net/en_US/fbevents.js]
[id.yugih5.com/images/chongzhi_zhifubao.png]
[id.yugih5.com/images/chongzhi_weixin.png]
[id.yugih5.com/images/comicon.png]
[id.yugih5.com/images/icon_user.png]
[id.yugih5.com/images/icon_password.png]
[id.yugih5.com/images/wx_login_icon.png]
[id.yugih5.com/images/shoujizhuce.png]
[id.yugih5.com/images/yonghuzhuce.png]
[id.yugih5.com/images/wangjimima.png]
[id.yugih5.com/images/fanhuidenglu.png]
[id.yugih5.com/images/loading.gif]
[id.yugih5.com/images/guanbi.png]
[id.yugih5.com/images/Login-zalo.png]
[id.yugih5.com/images/Login-zing-id.png]
[id.yugih5.com/images/Login-facebook.png]
[id.yugih5.com/css/style.css]
[connect.facebook.net/vi_VN/sdk.js]
[www.googletagmanager.com/gtm5445.html]
[connect.facebook.net/en_US/fbevents.js]
[id.yugih5.com/a.html]
[id.yugih5.com/POST.html]
[id.yugih5.com/schema.org/index.html]
[id.yugih5.com/b.html]
[id.yugih5.com/signals/iwl.html]
